Drill report for Panel.kicad_pcb
Created on 2025-03-25T11:17:13+0530

Copper Layer Stackup:
    =============================================================
    L1 :  F.Cu                      front
    L2 :  In1.Cu                    in1
    L3 :  In2.Cu                    in2
    L4 :  B.Cu                      back


Drill file 'Panel-PTH.drl' contains
    plated through holes:
    =============================================================
    T1  0.250mm  0.0098"  (5865 holes)
    T2  0.300mm  0.0118"  (5 holes)
    T3  0.400mm  0.0157"  (20 holes)  (with 20 slots)

    Total plated holes count 5890


Drill file 'Panel-NPTH.drl' contains
    unplated through holes:
    =============================================================
    T1  0.500mm  0.0197"  (480 holes)
    T2  2.000mm  0.0787"  (4 holes)
    T3  2.200mm  0.0866"  (10 holes)

    Total unplated holes count 494
