Drill report for Halo_3_v1p0.kicad_pcb
Created on 2025-08-22T17:01:26+0530

Copper Layer Stackup:
    =============================================================
    L1 :  F.Cu                      front
    L2 :  In1.Cu                    in1
    L3 :  In2.Cu                    in2
    L4 :  B.Cu                      back


Drill file 'Halo_3_v1p0-PTH.drl' contains
    plated through holes:
    =============================================================
    T1  0.250mm  0.0098"  (1173 holes)
    T2  0.300mm  0.0118"  (1 hole)
    T3  0.400mm  0.0157"  (4 holes)  (with 4 slots)

    Total plated holes count 1178


Drill file 'Halo_3_v1p0-NPTH.drl' contains
    unplated through holes:
    =============================================================
    T1  2.200mm  0.0866"  (2 holes)

    Total unplated holes count 2
