** Drc report for Halo2-T0.kicad_pcb **
** Created on 2025-01-02T14:09:18+0530 **

** Found 4 DRC violations **
[clearance]: Clearance violation (netclass 'RF' clearance 0.1000 mm; actual 0.0000 mm)
    Rule: netclass 'RF'; error
    @(104.8551 mm, 38.4000 mm): Track [/BT_BLE/RTL_RF_ANT] on F.Cu, length 2.4466 mm
    @(107.7073 mm, 34.9605 mm): Polygon [<no net>] on F.Cu
[clearance]: Clearance violation (netclass 'RF' clearance 0.1000 mm; actual 0.0000 mm)
    Rule: netclass 'RF'; error
    @(107.3016 mm, 38.4000 mm): Track [/BT_BLE/RTL_RF_ANT] on F.Cu, length 0.0762 mm
    @(107.7073 mm, 34.9605 mm): Polygon [<no net>] on F.Cu
[clearance]: Clearance violation (netclass 'RF' clearance 0.1000 mm; actual 0.0000 mm)
    Rule: netclass 'RF'; error
    @(107.3555 mm, 38.4539 mm): Pad 1 [/BT_BLE/RTL_RF_ANT] of U23 on F.Cu
    @(107.7073 mm, 34.9605 mm): Polygon [<no net>] on F.Cu
[clearance]: Clearance violation (netclass 'Default' clearance 0.1000 mm; actual 0.0000 mm)
    Rule: netclass 'Default'; error
    @(108.7092 mm, 40.0594 mm): PTH pad 2 [GND] of U23
    @(107.7073 mm, 34.9605 mm): Polygon [<no net>] on F.Cu

** Found 0 unconnected pads **

** Found 0 Footprint errors **

** End of Report **
